INFO:FromJava:OK
INFO:FromJava:OK
INFO:FromJava:OK
INFO:FromJava:OK
INFO:FromJava:OK
INFO:FromJava:OK
INFO:FromJava:OK
INFO:FromJava:OK
INFO:FromJava:OK
INFO:FromJava:OK
INFO:FromJava:OK
INFO:FromJava:OK
INFO:FromJava:OK
INFO:FromJava:OK
INFO:FromJava:OK
INFO:FromJava:OK
INFO:FromJava:OK
INFO:FromJava:OK
INFO:FromJava:OK
INFO:FromJava:OK
INFO:FromJava:OK
INFO:FromJava:OK
INFO:FromJava:OK
INFO:FromJava:OK
INFO:FromJava:OK
INFO:FromJava:OK
INFO:FromJava:OK
INFO:FromJava:OK
INFO:FromJava:OK
INFO:FromJava:OK
INFO:FromJava:OK
INFO:FromJava:OK
INFO:FromJava:OK
INFO:FromJava:OK
INFO:FromJava:OK
INFO:FromJava:OK
INFO:FromJava:OK
INFO:FromJava:OK
INFO:FromJava:OK
INFO:FromJava:OK
INFO:FromJava:OK
INFO:FromJava:OK
INFO:FromJava:OK
INFO:FromJava:OK
INFO:FromJava:OK
INFO:FromJava:Failure:
INFO:FromJava:responseCachingByResponseCode(com.squareup.okhttp.internal.http.HttpResponseCacheTest)java.lang.AssertionError: expected:<415> but was:<300>
	at org.junit.Assert.fail(Assert.java:88)
	at org.junit.Assert.failNotEquals(Assert.java:743)
	at org.junit.Assert.assertEquals(Assert.java:118)
	at org.junit.Assert.assertEquals(Assert.java:555)
	at org.junit.Assert.assertEquals(Assert.java:542)
	at com.squareup.okhttp.internal.http.HttpResponseCacheTest.assertCached(HttpResponseCacheTest.java:205)
	at com.squareup.okhttp.internal.http.HttpResponseCacheTest.responseCachingByResponseCode(HttpResponseCacheTest.java:158)
	at sun.reflect.NativeMethodAccessorImpl.invoke0(Native Method)
	at sun.reflect.NativeMethodAccessorImpl.invoke(NativeMethodAccessorImpl.java:62)
	at sun.reflect.DelegatingMethodAccessorImpl.invoke(DelegatingMethodAccessorImpl.java:43)
	at java.lang.reflect.Method.invoke(Method.java:498)
	at org.junit.runners.model.FrameworkMethod$1.runReflectiveCall(FrameworkMethod.java:47)
	at org.junit.internal.runners.model.ReflectiveCallable.run(ReflectiveCallable.java:12)
	at org.junit.runners.model.FrameworkMethod.invokeExplosively(FrameworkMethod.java:44)
	at org.junit.internal.runners.statements.InvokeMethod.evaluate(InvokeMethod.java:17)
	at org.junit.internal.runners.statements.RunBefores.evaluate(RunBefores.java:26)
	at org.junit.internal.runners.statements.RunAfters.evaluate(RunAfters.java:27)
	at org.junit.runners.ParentRunner.runLeaf(ParentRunner.java:271)
	at org.junit.runners.BlockJUnit4ClassRunner.runChild(BlockJUnit4ClassRunner.java:70)
	at org.junit.runners.BlockJUnit4ClassRunner.runChild(BlockJUnit4ClassRunner.java:50)
	at org.junit.runners.ParentRunner$3.run(ParentRunner.java:238)
	at org.junit.runners.ParentRunner$1.schedule(ParentRunner.java:63)
	at org.junit.runners.ParentRunner.runChildren(ParentRunner.java:236)
	at org.junit.runners.ParentRunner.access$000(ParentRunner.java:53)
	at org.junit.runners.ParentRunner$2.evaluate(ParentRunner.java:229)
	at org.junit.runners.ParentRunner.run(ParentRunner.java:309)
	at org.junit.runner.JUnitCore.run(JUnitCore.java:160)
	at org.junit.runner.JUnitCore.run(JUnitCore.java:138)
	at edu.gmu.swe.flaky.sleepy.runner.SleepyTestRunner.main(SleepyTestRunner.java:68)

INFO:FromJava:FAILURE
INFO:FromJava:OK
INFO:FromJava:OK
INFO:FromJava:OK
INFO:FromJava:OK
INFO:FromJava:OK
INFO:FromJava:OK
INFO:FromJava:OK
INFO:FromJava:OK
INFO:FromJava:OK
INFO:FromJava:OK
INFO:FromJava:OK
INFO:FromJava:OK
INFO:FromJava:OK
INFO:FromJava:OK
INFO:FromJava:OK
INFO:FromJava:OK
INFO:FromJava:OK
INFO:FromJava:OK
INFO:FromJava:OK
INFO:FromJava:OK
INFO:FromJava:OK
INFO:FromJava:OK
INFO:FromJava:OK
INFO:FromJava:OK
INFO:FromJava:OK
INFO:FromJava:OK
INFO:FromJava:OK
INFO:FromJava:OK
INFO:FromJava:OK
INFO:FromJava:OK
INFO:FromJava:OK
INFO:FromJava:OK
INFO:FromJava:OK
INFO:FromJava:OK
INFO:FromJava:OK
INFO:FromJava:OK
INFO:FromJava:OK
INFO:FromJava:OK
INFO:FromJava:OK
INFO:FromJava:OK
INFO:FromJava:OK
INFO:FromJava:OK
INFO:FromJava:OK
INFO:FromJava:OK
INFO:FromJava:OK
INFO:FromJava:OK
INFO:FromJava:OK
INFO:FromJava:OK
INFO:FromJava:OK
INFO:FromJava:OK
INFO:FromJava:OK
INFO:FromJava:OK
INFO:FromJava:OK
INFO:FromJava:OK
INFO:FromJava:OK
INFO:FromJava:OK
INFO:FromJava:OK
INFO:FromJava:OK
INFO:FromJava:OK
INFO:FromJava:OK
INFO:FromJava:OK
INFO:FromJava:OK
INFO:FromJava:OK
INFO:FromJava:OK
INFO:FromJava:OK
INFO:FromJava:OK
INFO:FromJava:OK
INFO:FromJava:OK
INFO:FromJava:OK
INFO:FromJava:OK
INFO:FromJava:OK
INFO:FromJava:OK
INFO:FromJava:OK
INFO:FromJava:OK
INFO:FromJava:OK
INFO:FromJava:OK
INFO:FromJava:OK
INFO:FromJava:OK
INFO:FromJava:OK
INFO:FromJava:OK
INFO:FromJava:OK
INFO:FromJava:OK
